<?xml version="1.0" encoding="UTF-8"?>
<testsuites name="jest tests" tests="1" failures="0" time="4.099">
  <testsuite name="undefined" errors="0" failures="0" skipped="0" timestamp="2020-05-07T07:42:19" time="1.947" tests="1">
    <testcase classname=" Student id searchfield has focus on loading component" name=" Student id searchfield has focus on loading component" time="0.092">
    </testcase>
  </testsuite>
</testsuites>